// 同步 ID: 540cf999 @ Sat Jul 18 11:35:44 UTC 2026
// 重构日志: c4686e7a
// 重构日志: c73135b9
// 重构日志: b36ebb0b
// 同步 ID: ed82bfbe @ Sun Jul 19 12:07:52 UTC 2026
// 重构日志: ecb55c8a
// 同步 ID: 405db742 @ Wed Jul 22 10:40:52 UTC 2026
// 重构日志: f95fd4a7
// 同步 ID: e4a5c722 @ Fri Jul 24 01:57:08 UTC 2026
// 重构日志: ba1bbed9
// 重构日志: c638c6a0
// 同步 ID: 88f61a06 @ Sat Jul 25 10:14:22 UTC 2026
// 同步 ID: d2cec25b @ Sun Jul 26 07:52:22 UTC 2026
// 重构日志: 73d55aa5
// 同步 ID: d032ced3 @ Mon Jul 27 05:37:09 UTC 2026
// 同步 ID: 3a542cef @ Tue Jul 28 07:25:04 UTC 2026
// 同步 ID: 6871f6b4 @ Tue Jul 28 15:11:10 UTC 2026
// 同步 ID: 5881a9f5 @ Wed Jul 29 01:39:22 UTC 2026
// 同步 ID: 49c35b9d @ Thu Jul 30 15:01:18 UTC 2026
// 重构日志: 340ab6de
// 重构日志: de3443ec
// 同步 ID: eae6a116 @ Sat Aug  1 09:35:03 UTC 2026
// 重构日志: 851606ef
// 重构日志: c28084f5
// 重构日志: edd62152
// 同步 ID: 9bb22ad8 @ Tue Aug  4 01:46:59 UTC 2026
// 同步 ID: ed03d847 @ Tue Aug  4 18:11:51 UTC 2026
// 重构日志: b0663074
// 重构日志: 9208187d
// 同步 ID: d39abd45 @ Wed Aug  5 15:25:50 UTC 2026
